warning: Git tree '/home/arosenfeld/Projects/nixos' is dirty
error: flake 'git+file:///home/arosenfeld/Projects/nixos' does not provide attribute 'packages.x86_64-linux.signoz-frontend', 'legacyPackages.x86_64-linux.signoz-frontend' or 'signoz-frontend'
